C:\flutter\flutter\bin\flutter.bat : Could not find an option named 
"no-android-sandbox".
En línea: 1 Carácter: 70
+ ... r_flutter"; C:\flutter\flutter\bin\flutter.bat build apk --release -- ...
+                 ~~~~~~~~~~~~~~~~~~~~~~~~~~~~~~~~~~~~~~~~~~~~~~~~~~~~~~~~~
    + CategoryInfo          : NotSpecified: (Could not find ...droid-sandbox". 
   :String) [], RemoteException
    + FullyQualifiedErrorId : NativeCommandError
 

Run 'flutter -h' (or 'flutter <command> -h') for available flutter commands 
and options.
